// Jest Snapshot v1, https://goo.gl/fbAQLP

exports[`<MetadataPanel /> should match the basic 1`] = `ShallowWrapper {}`;
